Circuit: * C:\Users\admin\OneDrive - FH Vorarlberg\Embedded\Eingebettete Systeme\WS22\Projekt Theremin\smoothingSD_DAC_V2.asc

Warning: Multiple definitions of model "2scr375p" Type: BJT
Warning: Multiple definitions of model "bc857b" Type: BJT
Warning: Multiple definitions of model "bc847c" Type: BJT
Warning: Multiple definitions of model "bc847b" Type: BJT
Direct Newton iteration for .op point succeeded.

Date: Sat Dec 03 17:24:13 2022
Total elapsed time: 0.236 seconds.

tnom = 27
temp = 27
method = modified trap
totiter = 5353
traniter = 5324
tranpoints = 2620
accept = 2411
rejected = 209
matrix size = 50
fillins = 40
solver = Normal
Thread vector: 18.9/14.3[2] 6.3/5.5[2] 3.0/3.9[1] 0.4/2.4[1]  2592/500
Matrix Compiler1: 6.19 KB object code size  2.2/1.3/[0.6]
Matrix Compiler2: 5.07 KB object code size  0.9/1.2/[0.5]

