Circuit: * C:\Users\admin\OneDrive - FH Vorarlberg\Elektro\Grundlagen Elektronik\LaboruebungDiffVerstaerker.asc

Warning: Multiple definitions of model "2scr375p" Type: BJT
Warning: Multiple definitions of model "bc857b" Type: BJT
Warning: Multiple definitions of model "bc847c" Type: BJT
Warning: Multiple definitions of model "bc847b" Type: BJT

Date: Wed May 04 14:42:08 2022
Total elapsed time: 0.032 seconds.

tnom = 27
temp = 27
method = trap
totiter = 2011
traniter = 0
tranpoints = 0
accept = 0
rejected = 0
matrix size = 19
fillins = 0
solver = Normal
Matrix Compiler1: 848 bytes object code size  0.2/0.1/[0.1]
Matrix Compiler2: 1.42 KB object code size  0.1/0.2/[0.1]

