Circuit: * C:\Users\admin\OneDrive - FH Vorarlberg\Elektro\Grundlagen Elektronik\LaboruebungDiffVerstaerkerRealSweep.asc

Warning: Multiple definitions of model "2scr375p" Type: BJT
Warning: Multiple definitions of model "bc857b" Type: BJT
Warning: Multiple definitions of model "bc847c" Type: BJT
Warning: Multiple definitions of model "bc847b" Type: BJT
Direct Newton iteration for .op point succeeded.

Date: Wed May 04 16:28:34 2022
Total elapsed time: 0.548 seconds.

tnom = 27
temp = 27
method = modified trap
totiter = 20042
traniter = 20034
tranpoints = 10018
accept = 10018
rejected = 0
matrix size = 13
fillins = 0
solver = Normal
Matrix Compiler1: 388 bytes object code size  0.1/0.1/[0.0]
Matrix Compiler2: 951 bytes object code size  0.1/0.1/[0.1]

