Circuit: * C:\Users\admin\OneDrive - FH Vorarlberg\Dokumente\DCM_buck_vs_CCM_buck.asc

Direct Newton iteration for .op point succeeded.
Heightened Def Con from 1.5e-005 to 1.50011e-005
Heightened Def Con from 8.96399e-005 to 8.96439e-005
Heightened Def Con from 0.00419 to 0.00419

pindcm: AVG(v(vin)*id(mdcm))=1984.13 FROM 0 TO 0.001
poutdcm: AVG(v(vc_dcm)*i(rdcm))=1944.42 FROM 0 TO 0.001
eff_dcm: poutdcm/pindcm=0.979987
pinccm: AVG(v(vin)*id(mccm))=2013.9 FROM 0 TO 0.001
poutccm: AVG(v(vc_ccm)*i(rccm))=1937.96 FROM 0 TO 0.001
eff_ccm: poutccm/pinccm=0.962293
voutdcm: AVG(v(vc_dcm))=197.201 FROM 0 TO 0.001
voutccm: AVG(v(vc_ccm))=196.873 FROM 0 TO 0.001


Date: Wed May 24 14:49:28 2023
Total elapsed time: 8.512 seconds.

tnom = 27
temp = 27
method = modified trap
totiter = 2447396
traniter = 2447389
tranpoints = 650516
accept = 472914
rejected = 177605
matrix size = 20
fillins = 6
solver = Normal
Matrix Compiler1: 1.34 KB object code size  0.2/0.1/[0.1]
Matrix Compiler2: 1.64 KB object code size  0.1/0.2/[0.1]

