Circuit: * C:\Users\admin\OneDrive - FH Vorarlberg\Dokumente\Draft1.asc

Direct Newton iteration failed to find .op point.  (Use ".option noopiter" to skip.)
Starting Gmin stepping
Gmin = 10
Gmin = 1.07374
vernier = 0.5
vernier = 0.25
vernier = 0.125
vernier = 0.0625
Gmin = 1.08884
vernier = 0.03125
vernier = 0.015625
Gmin = 1.03122
vernier = 0.0078125
vernier = 0.00390625
Gmin = 1.01823
vernier = 0.00520833
vernier = 0.00260417
Gmin = 1.01162
vernier = 0.00347222
vernier = 0.00173611
vernier = 0.00231481
vernier = 0.00115741
Gmin = 1.00877
vernier = 0.00154321
vernier = 0.000771604
Gmin = 1.00673
vernier = 0.00102881
vernier = 0.000514403
vernier = 0.00068587
Gmin = 1.00553
vernier = 0.000514403
vernier = 0.00068587
vernier = 0.000514402
Gmin = 1.00475
Gmin = 0
Gmin stepping failed

Starting source stepping with srcstepmethod=0
Source Step = 3.0303%
Source Step = 14.3939%
Source Step = 21.9697%
Source Step = 29.5455%
Source Step = 37.1212%
Source Step = 44.697%
vernier = 0.375
Source Step = 54.5455%
Source Step = 65.9091%
Source Step = 77.2727%
Source Step = 88.6364%
Source Step = 100%
Source stepping succeeded in finding the operating point.


Date: Wed Jun 21 09:47:22 2023
Total elapsed time: 0.201 seconds.

tnom = 27
temp = 27
method = trap
totiter = 6274
traniter = 0
tranpoints = 0
accept = 0
rejected = 0
matrix size = 11
fillins = 2
solver = Normal
Matrix Compiler1:      36 opcodes
Matrix Compiler2:      83 opcodes  0.3/[0.3]/0.3

