Circuit: * C:\Users\admin\OneDrive - FH Vorarlberg\Dokumente\emalneualGegentakt.asc

Warning: Multiple definitions of model "2scr375p" Type: BJT
Warning: Multiple definitions of model "bc857b" Type: BJT
Warning: Multiple definitions of model "bc847c" Type: BJT
Warning: Multiple definitions of model "bc847b" Type: BJT
Direct Newton iteration for .op point succeeded.

Date: Sat May 27 10:27:51 2023
Total elapsed time: 0.281 seconds.

tnom = 27
temp = 27
method = modified trap
totiter = 2371
traniter = 2358
tranpoints = 1042
accept = 1042
rejected = 0
matrix size = 12
fillins = 2
solver = Normal
Matrix Compiler1: 722 bytes object code size  0.2/0.1/[0.1]
Matrix Compiler2: 1.01 KB object code size  0.1/0.2/[0.1]

