Circuit: * C:\Users\admin\OneDrive - FH Vorarlberg\Dokumente\MessverstaerkerLab7.asc

Direct Newton iteration failed to find .op point.  (Use ".option noopiter" to skip.)
Starting Gmin stepping
Gmin = 10
Gmin = 1.07374
vernier = 0.5
vernier = 0.25
vernier = 0.125
vernier = 0.0625
Gmin = 1.02519
vernier = 0.03125
vernier = 0.015625
vernier = 0.0078125
Gmin = 1.01524
vernier = 0.0104167
vernier = 0.00520833
vernier = 0.00260417
vernier = 0.00130208
vernier = 0.000651042
Gmin = 1.00342
vernier = 0.000488281
Gmin = 0
Gmin stepping failed

Starting source stepping with srcstepmethod=0
Source Step = 3.0303%
Source Step = 33.3333%
Source Step = 63.6364%
Source Step = 88.6364%
vernier = 0.0625
Source Step = 87.8995%
Starting source stepping with srcstepmethod=1
Source Step = 3.0303%
Source Step = 33.3333%
Source Step = 63.6364%
Source Step = 93.9394%
Source Step = 99.003%
Source stepping failed

Pseudo Transient succeeded in finding the operating point at 1.68466 s.

Date: Mon May 22 18:49:36 2023
Total elapsed time: 2.235 seconds.

tnom = 27
temp = 27
method = modified trap
totiter = 11360
traniter = 2181
tranpoints = 1090
accept = 1089
rejected = 4
matrix size = 140
fillins = 427
solver = Normal
Thread vector: 12.5/7.2[3] 1.7/3.9[1] 5.3/4.2[3] 0.7/2.0[1]  2592/500
Matrix Compiler1: 29.97 KB object code size  6.7/4.7/[1.2]
Matrix Compiler2: 19.04 KB object code size  2.9/3.5/[0.9]

