Circuit: * J:\user\christoph\sicher\FH\Elektronik2\2018\Lektion0 AnalogeSpR LinearR\UeNetzGleichrichterSerienregler\NetzGleichrichter.asc

.OP point found by inspection.

p_tr: AVG(v(vtr)*i(r1))=-3.0296 FROM 0 TO 1
u: AVG(v(vtr)*v(vtr))=915.171 FROM 0 TO 1
ueff: RMS(v(vtr))=30.2518 FROM 0 TO 1
ieff: RMS(i(r2))=0.172181 FROM 0 TO 1
s_tr: AVG(ueff*ieff)=5.20879 FROM 0 TO 1
cosphi: AVG(p_tr/s_tr)=-0.581633 FROM 0 TO 1
q: AVG(sqrt((s_tr*s_tr)-(p_tr*p_tr)))=4.23709 FROM 0 TO 1


Date: Fri Feb 23 08:24:14 2018
Total elapsed time: 0.047 seconds.

tnom = 27
temp = 27
method = modified trap
totiter = 6138
traniter = 6138
tranpoints = 2085
accept = 1606
rejected = 479
matrix size = 4
fillins = 0
solver = Normal
Matrix Compiler1: 100 Byte object code size  1.5/1.6/[1.5]
Matrix Compiler2: 248 Byte object code size  1.6/1.6/[1.6]


