Circuit: * J:\user\christoph\sicher\FH\Elektronik2\2018\Lektion0 AnalogeSpR LinearR\UeNetzGleichrichterSerienregler\SerOpTrVorne.asc

WARNING: Node NC_02 is floating.

WARNING: Less than two connections to node NC_01.  This node is used by V1.
WARNING: Less than two connections to node NC_02.  This node is used by V1.
Direct Newton iteration failed to find .op point.  (Use ".option noopiter" to skip.)
Starting Gmin stepping
Gmin = 10
Gmin = 1.07374
Gmin = 0.115292
Gmin = 0.0123794
Gmin = 0.00132923
Gmin = 0.000142725
Gmin = 1.5325e-005
Gmin = 1.6455e-006
Gmin = 1.76685e-007
Gmin = 1.89714e-008
vernier = 0.5
vernier = 0.25
vernier = 0.125
vernier = 0.0625
vernier = 0.03125
vernier = 0.015625
Gmin = 9.71334e-009
vernier = 0.0078125
vernier = 0.0104167
Gmin = 9.51949e-009
vernier = 0.0138889
vernier = 0.00694444
vernier = 0.00925925
Gmin = 9.36664e-009
vernier = 0.0123457
vernier = 0.00617283
Gmin = 9.21625e-009
vernier = 0.00823044
vernier = 0.0109739
Gmin = 9.02566e-009
vernier = 0.0146319
Gmin = 8.73384e-009
vernier = 0.0195092
vernier = 0.0260122
Gmin = 8.26545e-009
vernier = 0.034683
vernier = 0.046244
Gmin = 7.57104e-009
vernier = 0.0616586
Gmin = 6.5967e-009
vernier = 0.0822114
vernier = 0.109615
Gmin = 5.24021e-009
vernier = 0.146154
vernier = 0.194871
Gmin = 3.63946e-009
vernier = 0.259828
Gmin = 2.06257e-009
vernier = 0.346438
vernier = 0.461917
Gmin = 8.09325e-010
vernier = 0.615889
vernier = 0.821185
Gmin = 1.89601e-010
vernier = 1
Gmin = 2.35507e-011
Gmin = 2.52874e-012
Gmin = 2.71521e-013
Gmin = 0
Gmin stepping succeeded in finding the operating point.

Semiconductor Device Operating Points:
                        --- Diodes ---
Name:      d1        d:u1:3      d:u1:16     d:u1:15     d:u1:14
Model:    1n750     u1:dbia2    u1:dbia2     u1:din     u1:dlimp2
Id:     -7.27e-03    1.04e-07    1.04e-07    7.78e-11    1.31e-09
Vd:     -4.65e+00    7.07e+00    7.07e+00    2.57e-05    4.89e-01
Req:     7.62e+00    1.00e-03    1.00e-03    3.03e-06    5.56e-09
CAP:     5.91e-11    0.00e+00    0.00e+00    0.00e+00    0.00e+00

Name:    d:u1:7      d:u1:13     d:u1:12     d:u1:6      d:u1:11
Model:    u1:dp     u1:dbiaot   u1:dbiaot   u1:dlimn2   u1:dbia1
Id:      1.00e-04   -8.25e-12   -8.25e-12    2.66e-10   -3.54e-08
Vd:      1.20e+01   -8.17e+00   -8.17e+00    3.76e-01   -7.07e+00
Req:     1.00e-03    1.00e-14    1.00e-14    1.25e-09    5.00e-09
CAP:     0.00e+00    0.00e+00    0.00e+00    0.00e+00    0.00e+00

Name:    d:u1:10     d:u1:8      d:u1:5      d:u1:1      d:u1:4
Model:  u1:dbia1    u1:dlimp1   u1:dlimn1   u1:dvlimu   u1:dbia3
Id:     -3.54e-08    4.89e-10    3.80e-11    9.67e-04    6.95e-04
Vd:     -7.07e+00    4.89e-01    3.76e-01    5.57e-02    1.10e+00
Req:     5.00e-09    1.00e-09    1.00e-10    1.00e-01    1.00e-03
CAP:     0.00e+00    0.00e+00    0.00e+00    0.00e+00    0.00e+00

                        --- Bipolar Transistors ---
Name:       q3          q2          q1
Model:      pnp       bc547c     2scr574d
Ib:      -2.23e-06   -6.97e-13    6.71e-04
Ic:      -2.23e-04    7.49e-13    1.56e-01
Vbe:     -7.35e-01    1.57e-03    6.71e-01
Vbc:      7.21e+00   -6.71e-01   -9.02e+00
Vce:     -7.94e+00    6.73e-01    9.69e+00
BetaDC:   1.00e+02   -1.08e+00    2.33e+02
Gm:       8.64e-03    1.93e-12    5.92e+00
Rpi:      1.16e+04    9.33e+11    3.88e+01
Rx:       0.00e+00    1.00e+00    1.49e+00
Ro:         NaN       1.06e+15    7.10e+02
Cbe:      0.00e+00    1.23e-11    3.76e-09
Cbc:      0.00e+00    1.82e-12    1.99e-11
Cjs:      0.00e+00    0.00e+00    0.00e+00
BetaAC:   1.00e+02    1.80e+00    2.29e+02
Cbx:      0.00e+00    1.12e-12    0.00e+00
Ft:       0.00e+00    1.67e-02    2.49e+08

                        --- VDMOSFET Transistors ---
Name:        m:u1:2      m:u1:1
Model:        u1:pi       u1:ni
Id:         -9.67e-04    2.96e-04
Vgs:        -4.33e-01    3.76e-01
Vds:        -9.03e+00    2.92e+00
Vth:        -3.00e-01    3.00e-01
Gm:          1.45e-02    7.81e-03
Gds:         8.87e-06    2.88e-06
Cgs:         0.00e+00    0.00e+00
Cgd:         0.00e+00    0.00e+00
Cbody:       0.00e+00    0.00e+00



Date: Fri Feb 23 08:41:55 2018
Total elapsed time: 12.235 seconds.

tnom = 27
temp = 27
method = trap
totiter = 1141
traniter = 0
tranpoints = 0
accept = 0
rejected = 0
matrix size = 30
fillins = 30
solver = Normal
Matrix Compiler1: 3,73 KB object code size
Matrix Compiler2: off  [2.2]/2.5/5.7


