Circuit: * C:\Users\admin\OneDrive - FH Vorarlberg\Schaltungstechnik\Stuettler\Lektion1\UeNetzGleichrichterSerienregler\SerTrTr.asc

Warning: Multiple definitions of model "2scr375p" Type: BJT
Warning: Multiple definitions of model "bc857b" Type: BJT
Warning: Multiple definitions of model "bc847c" Type: BJT
Warning: Multiple definitions of model "bc847b" Type: BJT
Direct Newton iteration for .op point succeeded.
Semiconductor Device Operating Points:
                        --- Diodes ---
Name:      d2          d1
Model: bzx84c6v2l  bzx84c6v2l
Id:     -1.29e-02   -1.50e-09
Vd:     -6.41e+00   -1.77e+00
Req:     6.01e+00    1.00e+12
CAP:     6.80e-11    1.11e-10

                        --- Bipolar Transistors ---
Name:       q4          q2          q3          q1
Model:    bc547b      bc547b      2sd1949     2sd1949
Ib:      -6.64e-13    2.76e-04    6.10e-05    7.95e-04
Ic:       1.05e-12    5.61e-02    1.18e-02    1.43e-01
Vbe:      6.62e-02    7.79e-01    6.82e-01    7.66e-01
Vbc:     -6.82e-01   -7.89e-01   -2.34e+00   -1.02e+01
Vce:      7.49e-01    1.57e+00    3.02e+00    1.10e+01
BetaDC:  -1.59e+00    2.03e+02    1.93e+02    1.79e+02
Gm:       1.17e-11    1.66e+00    4.47e-01    4.47e+00
Rpi:      6.63e+11    9.46e+01    4.35e+02    3.30e+01
Rx:       1.00e+00    1.00e+00    3.80e+00    3.80e+00
Ro:       2.08e+14    1.11e+03    8.64e+03    7.68e+02
Cbe:      1.41e-11    3.11e-09    1.58e-10    9.44e-09
Cbc:      1.72e-12    1.69e-12    8.05e-12    4.96e-12
Cjs:      0.00e+00    0.00e+00    0.00e+00    0.00e+00
BetaAC:   7.77e+00    1.57e+02    1.95e+02    1.47e+02
Cbx:      1.06e-12    1.04e-12    0.00e+00    0.00e+00
Ft:       1.10e-01    8.46e+07    4.27e+08    7.54e+07



Date: Sat Dec 03 11:51:38 2022
Total elapsed time: 3.485 seconds.

tnom = 27
temp = 27
method = trap
totiter = 34
traniter = 0
tranpoints = 0
accept = 0
rejected = 0
matrix size = 28
fillins = 24
solver = Normal
Matrix Compiler1: 3.39 KB object code size
Matrix Compiler2:     214 opcodes
