Circuit: * J:\user\christoph\sicher\FH\Elektronik2\2018\Lektion0 AnalogeSpR LinearR\UeNetzGleichrichterSerienregler\SingleDiodeGrC.asc

Direct Newton iteration for .op point succeeded.
N-Period=1
Fourier components of I(r1)
DC component:-0.0107509

Harmonic	Frequency	 Fourier 	Normalized	 Phase  	Normalized
 Number 	  [Hz]   	Component	 Component	[degree]	Phase [deg]
    1   	5.000e+01	2.072e-02	1.000e+00	 -179.53°	    0.00°
    2   	1.000e+02	1.852e-02	8.939e-01	   90.90°	  270.43°
    3   	1.500e+02	1.534e-02	7.405e-01	    1.27°	  180.80°
    4   	2.000e+02	1.176e-02	5.675e-01	  -88.45°	   91.09°
    5   	2.500e+02	8.331e-03	4.021e-01	 -178.24°	    1.29°
    6   	3.000e+02	5.480e-03	2.645e-01	   91.99°	  271.52°
    7   	3.500e+02	3.395e-03	1.639e-01	    2.53°	  182.06°
    8   	4.000e+02	2.048e-03	9.887e-02	  -86.06°	   93.47°
    9   	4.500e+02	1.262e-03	6.090e-02	 -173.36°	    6.18°
Total Harmonic Distortion: 139.338405%(139.468586%)



p_tr: AVG(v(vtr)*i(r1))=-0.477092 FROM 0 TO 1
u: AVG(v(vtr)*v(vtr))=1165.84 FROM 0 TO 1
ueff: RMS(v(vtr))=34.1444 FROM 0 TO 1
ieff: RMS(i(r1))=0.0271402 FROM 0 TO 1
s_tr: AVG(ueff*ieff)=0.926687 FROM 0 TO 1
cosphi: AVG(p_tr/s_tr)=-0.514837 FROM 0 TO 1
iarith: AVG(i(r1))=-0.010622 FROM 0 TO 1
formfac: AVG(ieff/iarith)=-2.5551 FROM 0 TO 1
q: AVG(sqrt((s_tr*s_tr)-(p_tr*p_tr)))=0.794438 FROM 0 TO 1


Date: Fri Feb 23 08:39:15 2018
Total elapsed time: 0.046 seconds.

tnom = 27
temp = 27
method = modified trap
totiter = 5623
traniter = 5619
tranpoints = 1868
accept = 1495
rejected = 373
matrix size = 6
fillins = 0
solver = Normal
Matrix Compiler1: 128 Byte object code size  1.6/1.6/[1.6]
Matrix Compiler2: 380 Byte object code size  1.6/1.6/[1.6]


