Circuit: * C:\Users\michael\OneDrive - FH Vorarlberg\Labor Elektrotechnik\Vorbereitung\UE4_Tools\UE4_pvCell.asc

.step i1=0.01
.step i1=0.02
.step i1=0.03
.step i1=0.04
.step i1=0.05
.step i1=0.06
.step i1=0.07
.step i1=0.08
.step i1=0.09
.step i1=0.1

Date: Tue Nov 16 17:04:05 2021
Total elapsed time: 0.089 seconds.

tnom = 27
temp = 27
method = trap
totiter = 3685
traniter = 0
tranpoints = 0
accept = 0
rejected = 0
matrix size = 6
fillins = 1
solver = Normal
Matrix Compiler1: 200 bytes object code size  0.1/0.1/[0.0]
Matrix Compiler2: off  [0.0]/0.1/0.0

