Circuit: * C:\Users\mge9869\OneDrive - FH Vorarlberg\Dokumente\Leistungselektronik\BoostConverter\finalProduct\spice\BoostMichaelGeuzeFinal.asc

WARNING: Node N002 is floating.

Direct Newton iteration failed to find .op point.  (Use ".option noopiter" to skip.)
Starting Gmin stepping
Gmin = 10
Gmin = 1.07374
Gmin = 0.115292
Gmin = 0.0123794
Gmin = 0.00132923
Gmin = 0.000142725
vernier = 0.5
Gmin = 2.39452e-05
vernier = 0.666667
Gmin = 6.14784e-06
vernier = 0.888888
vernier = 1
Gmin = 8.09366e-07
Gmin = 8.6905e-08
Gmin = 9.33136e-09
Gmin = 1.00195e-09
Gmin = 1.07583e-10
Gmin = 1.15517e-11
Gmin = 1.24035e-12
Gmin = 1.33182e-13
Gmin = 0
Gmin stepping succeeded in finding the operating point.


vout: AVG(v(out))=8.59463 FROM 0 TO 0.00175
maxvout: MAX(v(out))=8.74966 FROM 0 TO 0.00175
minvout: MIN(v(out))=8.41665 FROM 0 TO 0.00175
delta_v_r1: (maxvout-minvout)/2=0.166503
iout: AVG(i(r1))=0.35811 FROM 0 TO 0.00175
i_l1_avg: AVG(i(l1))=0.562504 FROM 0 TO 0.00175
maxl1: MAX(i(l1))=0.92566 FROM 0 TO 0.00175
minl1: MIN(i(l1))=0.160408 FROM 0 TO 0.00175
delta_i_l1: (maxl1-minl1)/2=0.382626
delta_i_l1_percent=0.00175 FROM 0 TO 0.00175

Measurement "pin" FAIL'ed
pout: AVG(v(out)*i(r1))=3.07787 FROM 0 TO 0.00175

Measurement "eff" FAIL'ed

Measurement "pow_m1" FAIL'ed
pow_d1: AVG(-v(sw)*i(d1))=0.103237 FROM 0 TO 0.00175
pow_l1: AVG(v(out,l_loss)*i(l1_r_para))=0.094639 FROM 0 TO 0.00175

Measurement "pow_c1" FAIL'ed


Date: Mon Jun 12 16:44:09 2023
Total elapsed time: 11.109 seconds.

tnom = 27
temp = 27
method = modified trap
totiter = 1736565
traniter = 1736061
tranpoints = 571851
accept = 430694
rejected = 141157
matrix size = 54
fillins = 19
solver = Normal
Avg thread counts: 1.0/1.0/1.0/1.0
Matrix Compiler1: 3.42 KB object code size  1.4/0.9/[0.6]
Matrix Compiler2: 4.06 KB object code size  0.8/1.2/[0.5]

