Circuit: * C:\Users\mge9869\OneDrive - FH Vorarlberg\Dokumente\Leistungselektronik\LabFlyback\LTSPice\flyback_real_tran.asc

Instance "m:m1:r": Length shorter than recommended for a level 1 MOSFET.
Instance "m:m1:r": Width narrower than recommended for a level 1 MOSFET.
Instance "m:m1:1": Width narrower than recommended for a level 3 MOSFET.
Direct Newton iteration for .op point succeeded.
Heightened Def Con from 0.062385 to 0.062385

Date: Wed May 24 12:44:58 2023
Total elapsed time: 83.360 seconds.

tnom = 27
temp = 27
method = modified trap
totiter = 23362826
traniter = 23362803
tranpoints = 7758518
accept = 5460622
rejected = 2297897
matrix size = 31
fillins = 18
solver = Normal
Avg thread counts: 1.0/1.0/1.0/1.0
Matrix Compiler1: 3.10 KB object code size  1.8/1.4/[0.6]
Matrix Compiler2: 2.92 KB object code size  0.9/1.4/[0.5]

