Circuit: * C:\Users\mge9869\OneDrive - FH Vorarlberg\Dokumente\Leistungselektronik\BoostConverter\ClosedLoop\Spice\BoostMichaelGeuzeClosedLoopWithoutCap.asc

WARNING: Node N002 is floating.

Direct Newton iteration failed to find .op point.  (Use ".option noopiter" to skip.)
Starting Gmin stepping
Gmin = 10
Gmin = 1.07374
Gmin = 0.115292
Gmin = 0.0123794
Gmin = 0.00132923
Gmin = 0.000142725
vernier = 0.5
Gmin = 2.39452e-05
vernier = 0.666667
Gmin = 6.14784e-06
vernier = 0.888888
vernier = 1
Gmin = 8.09366e-07
Gmin = 8.6905e-08
Gmin = 9.33136e-09
Gmin = 1.00195e-09
Gmin = 1.07583e-10
Gmin = 1.15517e-11
Gmin = 1.24035e-12
Gmin = 1.33182e-13
Gmin = 0
Gmin stepping succeeded in finding the operating point.


vout: AVG(v(out))=8.39613 FROM 0 TO 0.00175
maxvout: MAX(v(out))=9.49905 FROM 0 TO 0.00175
minvout: MIN(v(out))=7.18262 FROM 0 TO 0.00175
delta_v_r1: (maxvout-minvout)/2=1.15822
iout: AVG(i(r1))=0.349839 FROM 0 TO 0.00175
i_l1_avg: AVG(i(l1))=0.545041 FROM 0 TO 0.00175
maxl1: MAX(i(l1))=1.36793 FROM 0 TO 0.00175
minl1: MIN(i(l1))=-0.0330537 FROM 0 TO 0.00175
delta_i_l1: (maxl1-minl1)/2=0.700494
delta_i_l1_percent=0.00175 FROM 0 TO 0.00175

Measurement "pin" FAIL'ed
pout: AVG(v(out)*i(r1))=2.95389 FROM 0 TO 0.00175

Measurement "eff" FAIL'ed

Measurement "pow_m1" FAIL'ed
pow_d1: AVG(-v(sw)*i(d1))=0.106094 FROM 0 TO 0.00175
pow_l1: AVG(v(out,l_loss)*i(l1_r_para))=0.123603 FROM 0 TO 0.00175
pow_c1: AVG(v(c_loss)*i(c1_r_para))=6.91505e-06 FROM 0 TO 0.00175


Date: Mon Jun 12 16:36:49 2023
Total elapsed time: 16.708 seconds.

tnom = 27
temp = 27
method = modified trap
totiter = 1629516
traniter = 1629012
tranpoints = 528513
accept = 392862
rejected = 135651
matrix size = 53
fillins = 19
solver = Normal
Avg thread counts: 1.0/1.0/1.0/1.0
Matrix Compiler1: 3.38 KB object code size  1.0/1.4/[0.6]
Matrix Compiler2: 3.99 KB object code size  0.7/1.0/[0.4]

