Circuit: * C:\Users\Michael\OneDrive - FH Vorarlberg\Schaltungstechnik\catchingCircuit.asc

WARNING: Less than two connections to node U4:DP.  This node is used by A:U4:DDEL.
WARNING: Less than two connections to node NC_01.  This node is used by R:U4:OUT1:OUT.
WARNING: Less than two connections to node NC_02.  This node is used by R:U11:OUT5:OUT.
WARNING: Less than two connections to node U12:DP.  This node is used by A:U12:DDEL.
WARNING: Less than two connections to node NC_03.  This node is used by R:U12:OUT2:OUT.
Direct Newton iteration for .op point succeeded.
Ignoring empty pin current: Ix(u2:vcc)
Ignoring empty pin current: Ix(u3:vcc)
Ignoring empty pin current: Ix(u4:vcc)
Ignoring empty pin current: Ix(u5:vcc)
Ignoring empty pin current: Ix(u1:vcc)
Ignoring empty pin current: Ix(u6:vcc)
Ignoring empty pin current: Ix(u7:vcc)
Ignoring empty pin current: Ix(u11:vcc)
Ignoring empty pin current: Ix(u13:vcc)
Ignoring empty pin current: Ix(u12:vcc)
Ignoring empty pin current: Ix(u10:vcc)
Ignoring empty pin current: Ix(u2:vcc)
Ignoring empty pin current: Ix(u3:vcc)
Ignoring empty pin current: Ix(u4:vcc)
Ignoring empty pin current: Ix(u5:vcc)
Ignoring empty pin current: Ix(u1:vcc)
Ignoring empty pin current: Ix(u6:vcc)
Ignoring empty pin current: Ix(u7:vcc)
Ignoring empty pin current: Ix(u11:vcc)
Ignoring empty pin current: Ix(u13:vcc)
Ignoring empty pin current: Ix(u12:vcc)
Ignoring empty pin current: Ix(u10:vcc)

Date: Sun Nov 20 22:21:23 2022
Total elapsed time: 4.148 seconds.

tnom = 27
temp = 27
method = modified trap
totiter = 66158
traniter = 66144
tranpoints = 23474
accept = 19005
rejected = 4469
matrix size = 387
fillins = 10
solver = Normal
Thread vector: 17.1/9.6[4] 5.8/3.9[4] 4.5/3.4[4] 0.7/3.8[1]  2592/500
Matrix Compiler1: 10.03 KB object code size  2.9/1.6/[0.7]
Matrix Compiler2: 19.99 KB object code size  2.2/3.3/[1.1]

