Circuit: * C:\Users\admin\OneDrive - FH Vorarlberg\Schaltungstechnik\Lab_2_1__.asc

Direct Newton iteration for .op point succeeded.
Ignoring empty pin current: Ix(u1:vcc)
Ignoring empty pin current: Ix(u2:vcc)
Ignoring empty pin current: Ix(u1:vcc)
Ignoring empty pin current: Ix(u2:vcc)

Date: Fri Nov 18 15:12:20 2022
Total elapsed time: 0.063 seconds.

tnom = 27
temp = 27
method = modified trap
totiter = 2416
traniter = 2407
tranpoints = 1147
accept = 1129
rejected = 18
matrix size = 29
fillins = 3
solver = Normal
Matrix Compiler1: 810 bytes object code size  0.3/0.2/[0.1]
Matrix Compiler2: 1.66 KB object code size  0.3/0.4/[0.2]

