Circuit: * C:\Users\mge9869\OneDrive - FH Vorarlberg\Schaltungstechnik\labor01_realerOPV.asc

Warning: Multiple definitions of model "2scr375p" Type: BJT
Warning: Multiple definitions of model "bc857b" Type: BJT
Warning: Multiple definitions of model "bc847c" Type: BJT
Warning: Multiple definitions of model "bc847b" Type: BJT
Direct Newton iteration failed to find .op point.  (Use ".option noopiter" to skip.)
Starting Gmin stepping
Increasing initial diagonal Gmin to 100
Gmin = 100
vernier = 0.5
vernier = 0.25
Gmin = 34.2672
vernier = 0.125
vernier = 0.0625
vernier = 0.03125
vernier = 0.015625
Gmin = 33.0995
vernier = 0.0078125
vernier = 0.00390625
vernier = 0.00195313
Gmin = 32.9705
vernier = 0.000976563
vernier = 0.000488281
Gmin = 0
Gmin stepping succeeded in finding the operating point.


Date: Mon Oct 10 12:28:25 2022
Total elapsed time: 0.149 seconds.

tnom = 27
temp = 27
method = modified trap
totiter = 5759
traniter = 4184
tranpoints = 1671
accept = 1426
rejected = 245
matrix size = 38
fillins = 82
solver = Normal
Matrix Compiler1: 5.64 KB object code size  1.3/0.6/[0.4]
Matrix Compiler2: 4.68 KB object code size  0.5/0.5/[0.3]

