Circuit: * C:\Users\mge9869\OneDrive - FH Vorarlberg\Dokumente\Leistungselektronik\BoostConverter\ClosedLoop\Spice\BoostMichaelGeuzeClosedLoop.asc

WARNING: Node N002 is floating.

Direct Newton iteration failed to find .op point.  (Use ".option noopiter" to skip.)
Starting Gmin stepping
Gmin = 10
Gmin = 1.07374
Gmin = 0.115292
Gmin = 0.0123794
Gmin = 0.00132923
Gmin = 0.000142725
vernier = 0.5
Gmin = 2.39452e-05
vernier = 0.666667
Gmin = 6.14784e-06
vernier = 0.888888
vernier = 1
Gmin = 8.09366e-07
Gmin = 8.6905e-08
Gmin = 9.33136e-09
Gmin = 1.00195e-09
Gmin = 1.07583e-10
Gmin = 1.15517e-11
Gmin = 1.24035e-12
Gmin = 1.33182e-13
Gmin = 0
Gmin stepping succeeded in finding the operating point.


vout: AVG(v(out))=8.80965 FROM 0 TO 0.002
maxvout: MAX(v(out))=10.7436 FROM 0 TO 0.002
minvout: MIN(v(out))=6.75721 FROM 0 TO 0.002
delta_v_r1: (maxvout-minvout)/2=1.99322
iout: AVG(i(r1))=0.367069 FROM 0 TO 0.002
i_l1_avg: AVG(i(l1))=0.544863 FROM 0 TO 0.002
maxl1: MAX(i(l1))=1.77985 FROM 0 TO 0.002
minl1: MIN(i(l1))=-0.0371227 FROM 0 TO 0.002
delta_i_l1: (maxl1-minl1)/2=0.908484
delta_i_l1_percent=0.002 FROM 0 TO 0.002
id_vout: AVG(v(id_out))=8.60224 FROM 0 TO 0.002
id_maxvout: MAX(v(id_out))=8.74541 FROM 0 TO 0.002
id_minvout: MIN(v(id_out))=8.4588 FROM 0 TO 0.002
id_delta_v_r1: (id_maxvout-id_minvout)/2=0.143309
id_iout: AVG(i(id_r1))=0.716853 FROM 0 TO 0.002
id_i_l1_avg: AVG(i(id_l1))=0.716861 FROM 0 TO 0.002
id_maxl1: MAX(i(id_l1))=0.920234 FROM 0 TO 0.002
id_minl1: MIN(i(id_l1))=0.513451 FROM 0 TO 0.002
id_delta_i_l1: (id_maxl1-id_minl1)/2=0.203392
diff_i_l1_id_real: (id_i_l1_avg-i_l1_avg)=0.171998
diff_v_c_id_real: (id_vout-vout)=-0.207408
diff_delta_i_id_real: (id_delta_i_l1-delta_i_l1)=-0.705092
diff_delta_v_id_real: (id_delta_v_r1-delta_v_r1)=-1.84991

Measurement "pin" FAIL'ed
pout: AVG(v(out)*i(r1))=3.26629 FROM 0 TO 0.002

Measurement "eff" FAIL'ed

Measurement "pow_m1" FAIL'ed
pow_d1: AVG(-v(sw)*i(d1))=0.103388 FROM 0 TO 0.002
pow_l1: AVG(v(out,l_loss)*i(l1_r_para))=0.146865 FROM 0 TO 0.002
pow_c1: AVG(v(c_loss)*i(c1_r_para))=1.09674e-05 FROM 0 TO 0.002


Date: Mon Jun 12 16:39:25 2023
Total elapsed time: 11.711 seconds.

tnom = 27
temp = 27
method = modified trap
totiter = 1666583
traniter = 1666080
tranpoints = 585726
accept = 441192
rejected = 144534
matrix size = 59
fillins = 19
solver = Normal
Avg thread counts: 1.0/1.0/1.0/1.0
Matrix Compiler1: 3.53 KB object code size  1.4/1.2/[0.5]
Matrix Compiler2: 4.33 KB object code size  1.9/1.5/[0.5]

