Circuit: * C:\Users\admin\OneDrive - FH Vorarlberg\Dokumente\Anwendungen der E_Technik\Lab10\LTspice\MessverstaerkerLab10_Shrotrauschen.asc

Warning: Multiple definitions of model "2scr375p" Type: BJT
Warning: Multiple definitions of model "bc857b" Type: BJT
Warning: Multiple definitions of model "bc847c" Type: BJT
Warning: Multiple definitions of model "bc847b" Type: BJT
WARNING: Less than two connections to node SIG.  This node is used by V1.
WARNING: Less than two connections to node N004.  This node is used by Q1.
Direct Newton iteration failed to find .op point.  (Use ".option noopiter" to skip.)
Starting Gmin stepping
Gmin = 10
Gmin = 1.07374
vernier = 0.5
vernier = 0.25
vernier = 0.125
Gmin = 1.15077
vernier = 0.166667
vernier = 0.0833333
vernier = 0.0416667
vernier = 0.0208333
Gmin = 1.00764
vernier = 0.0104167
vernier = 0.00520833
vernier = 0.00260417
Gmin = 0.999808
vernier = 0.00130208
vernier = 0.000651042
vernier = 0.000488281
Gmin = 0
Gmin stepping failed

Starting source stepping with srcstepmethod=0
Source Step = 3.0303%
Source Step = 33.3333%
Source Step = 63.6364%
Source Step = 88.6364%
vernier = 0.0625
Source Step = 87.8995%
Starting source stepping with srcstepmethod=1
Source Step = 3.0303%
Source Step = 33.3333%
Source Step = 63.6364%
Source Step = 93.9394%
Source Step = 100%
Source Step = 100%
Source Step = 100%
Source Step = 100%
Source stepping succeeded in finding the operating point.


Date: Tue May 23 10:49:32 2023
Total elapsed time: 0.787 seconds.

tnom = 27
temp = 27
method = trap
totiter = 4970
traniter = 0
tranpoints = 0
accept = 0
rejected = 0
matrix size = 147
fillins = 335
solver = Normal
Matrix Compiler1:    1256 opcodes
Matrix Compiler2: 17.91 KB object code size  4.8/9.0/[2.6]

