Circuit: * C:\Users\admin\OneDrive - FH Vorarlberg\Embedded\Eingebettete Systeme\WS22\Projekt Theremin\Circuits\__smoothingSD_DAC_newAMP.asc

Warning: Multiple definitions of model "2scr375p" Type: BJT
Warning: Multiple definitions of model "bc857b" Type: BJT
Warning: Multiple definitions of model "bc847c" Type: BJT
Warning: Multiple definitions of model "bc847b" Type: BJT
Direct Newton iteration for .op point succeeded.

Date: Tue Dec 13 16:29:30 2022
Total elapsed time: 0.523 seconds.

tnom = 27
temp = 27
method = modified trap
totiter = 7933
traniter = 7884
tranpoints = 2733
accept = 2517
rejected = 216
matrix size = 55
fillins = 69
solver = Normal
Thread vector: 27.9/22.7[2] 10.3/9.3[2] 8.1/6.6[2] 0.6/3.4[1]  2592/500
Matrix Compiler1: 7.10 KB object code size  4.3/5.4/[2.2]
Matrix Compiler2: 6.11 KB object code size  2.1/2.0/[1.0]

