Circuit: * C:\Users\admin\OneDrive - FH Vorarlberg\Dokumente\Anwendungen der E_Technik\Lab10\LTspice\Draft1.asc

Warning: Multiple definitions of model "2scr375p" Type: BJT
Warning: Multiple definitions of model "bc857b" Type: BJT
Warning: Multiple definitions of model "bc847c" Type: BJT
Warning: Multiple definitions of model "bc847b" Type: BJT
Direct Newton iteration for .op point succeeded.

Date: Sat May 27 02:53:23 2023
Total elapsed time: 0.149 seconds.

tnom = 27
temp = 27
method = modified trap
totiter = 7807
traniter = 7764
tranpoints = 3883
accept = 2419
rejected = 1464
matrix size = 8
fillins = 0
solver = Normal
Matrix Compiler1: 282 bytes object code size  0.3/0.3/[0.3]
Matrix Compiler2: 556 bytes object code size  0.3/0.5/[0.3]

