c:\users\michael\source\repos\c-programme\release\c-programme.ipdb
c:\users\michael\source\repos\c-programme\release\c-programme.iobj
c:\users\michael\source\repos\c-programme\release\vc142.pdb
c:\users\michael\source\repos\c-programme\release\hallowelt.obj
c:\users\michael\source\repos\c-programme\release\2_divuebung.obj
c:\users\michael\source\repos\c-programme\release\ebiacconvert.obj
c:\users\michael\source\repos\c-programme\release\2_4uebung.obj
c:\users\michael\source\repos\c-programme\release\3_7uebung.obj
c:\users\michael\source\repos\c-programme\release\3_8uebung.obj
c:\users\michael\source\repos\c-programme\release\3_10uebung.obj
c:\users\michael\source\repos\c-programme\release\4_2uebung.obj
c:\users\michael\source\repos\c-programme\release\6_1uebung.obj
c:\users\michael\source\repos\c-programme\release\6_3uebung.obj
c:\users\michael\source\repos\c-programme\release\6_5uebung.obj
c:\users\michael\source\repos\c-programme\release\6_4uebung.obj
c:\users\michael\source\repos\c-programme\release\6_6uebung.obj
c:\users\michael\source\repos\c-programme\release\10_1uebung.obj
c:\users\michael\source\repos\c-programme\release\10_1uebungquell.obj
c:\users\michael\source\repos\c-programme\release\10_2uebung.obj
c:\users\michael\source\repos\c-programme\release\10_4uebungfunktionen.obj
c:\users\michael\source\repos\c-programme\release\10_8uebung.obj
c:\users\michael\source\repos\c-programme\release\10_4ueubung.obj
c:\users\michael\source\repos\c-programme\release\c-programme.exe
c:\users\michael\source\repos\c-programme\release\c-programme.map
c:\users\michael\source\repos\c-programme\release\c-programme.pdb
c:\users\michael\source\repos\c-programme\release\1_6uebung.obj
c:\users\michael\source\repos\c-programme\release\1_9uebung.obj
c:\users\michael\source\repos\c-programme\release\2_6uebung.obj
c:\users\michael\source\repos\c-programme\release\2_7uebung.obj
c:\users\michael\source\repos\c-programme\release\2_9uebung.obj
c:\users\michael\source\repos\c-programme\release\3_1uebung.obj
c:\users\michael\source\repos\c-programme\release\3_3uebung.obj
c:\users\michael\source\repos\c-programme\release\c-programme.tlog\c-programme.write.1u.tlog
c:\users\michael\source\repos\c-programme\release\c-programme.tlog\cl.command.1.tlog
c:\users\michael\source\repos\c-programme\release\c-programme.tlog\cl.read.1.tlog
c:\users\michael\source\repos\c-programme\release\c-programme.tlog\cl.write.1.tlog
c:\users\michael\source\repos\c-programme\release\c-programme.tlog\link.command.1.tlog
c:\users\michael\source\repos\c-programme\release\c-programme.tlog\link.read.1.tlog
c:\users\michael\source\repos\c-programme\release\c-programme.tlog\link.write.1.tlog
