 C-Programme

 Timestamp is 61af4f12 (Tue Dec  7 13:09:54 2021)

 Preferred load address is 00400000

 Start         Length     Name                   Class
 0001:00000000 00000dc9H .text$mn                CODE
 0002:00000000 000000d0H .idata$5                DATA
 0002:000000d0 00000004H .00cfg                  DATA
 0002:000000d4 00000004H .CRT$XCA                DATA
 0002:000000d8 00000004H .CRT$XCAA               DATA
 0002:000000dc 00000004H .CRT$XCZ                DATA
 0002:000000e0 00000004H .CRT$XIA                DATA
 0002:000000e4 00000004H .CRT$XIAA               DATA
 0002:000000e8 00000004H .CRT$XIAC               DATA
 0002:000000ec 00000004H .CRT$XIZ                DATA
 0002:000000f0 00000004H .CRT$XPA                DATA
 0002:000000f4 00000004H .CRT$XPZ                DATA
 0002:000000f8 00000004H .CRT$XTA                DATA
 0002:000000fc 00000004H .CRT$XTZ                DATA
 0002:00000100 00000000H .gfids$y                DATA
 0002:00000100 00000138H .rdata                  DATA
 0002:00000238 00000004H .rdata$sxdata           DATA
 0002:0000023c 000002c4H .rdata$zzzdbg           DATA
 0002:00000500 00000004H .rtc$IAA                DATA
 0002:00000504 00000004H .rtc$IZZ                DATA
 0002:00000508 00000004H .rtc$TAA                DATA
 0002:0000050c 00000004H .rtc$TZZ                DATA
 0002:00000510 0000003cH .xdata$x                DATA
 0002:0000054c 00000000H .edata                  DATA
 0002:0000054c 0000008cH .idata$2                DATA
 0002:000005d8 00000014H .idata$3                DATA
 0002:000005ec 000000d0H .idata$4                DATA
 0002:000006bc 00000452H .idata$6                DATA
 0003:00000000 00000018H .data                   DATA
 0003:00000018 00000370H .bss                    DATA
 0004:00000000 00000060H .rsrc$01                DATA
 0004:00000060 00000180H .rsrc$02                DATA

  Address         Publics by Value              Rva+Base       Lib:Object

 0000:00000000       ___arm64x_redirection_metadata 00000000     <absolute>
 0000:00000000       ___hybrid_code_map         00000000     <absolute>
 0000:00000000       ___hybrid_auxiliary_iat    00000000     <absolute>
 0000:00000000       ___guard_eh_cont_count     00000000     <absolute>
 0000:00000000       ___arm64x_redirection_metadata_count 00000000     <absolute>
 0000:00000000       ___arm64x_extra_rfe_table_size 00000000     <absolute>
 0000:00000000       ___arm64x_extra_rfe_table  00000000     <absolute>
 0000:00000000       ___guard_longjmp_count     00000000     <absolute>
 0000:00000000       ___guard_iat_table         00000000     <absolute>
 0000:00000000       ___x64_code_ranges_to_entry_points 00000000     <absolute>
 0000:00000000       ___dynamic_value_reloc_table 00000000     <absolute>
 0000:00000000       ___volatile_metadata       00000000     <absolute>
 0000:00000000       ___arm64x_native_entrypoint 00000000     <absolute>
 0000:00000000       ___guard_fids_count        00000000     <absolute>
 0000:00000000       ___AbsoluteZero            00000000     <absolute>
 0000:00000000       ___enclave_config          00000000     <absolute>
 0000:00000000       ___guard_iat_count         00000000     <absolute>
 0000:00000000       ___x64_code_ranges_to_entry_points_count 00000000     <absolute>
 0000:00000000       ___guard_eh_cont_table     00000000     <absolute>
 0000:00000000       ___hybrid_code_map_count   00000000     <absolute>
 0000:00000000       ___guard_longjmp_table     00000000     <absolute>
 0000:00000000       ___guard_fids_table        00000000     <absolute>
 0000:00000001       ___safe_se_handler_count   00000001     <absolute>
 0000:00000100       ___guard_flags             00000100     <absolute>
 0000:00000000       ___ImageBase               00400000     <linker-defined>
 0001:00000000       ___local_stdio_printf_options 00401000 f i 14_3uebung.obj
 0001:00000010       ___local_stdio_scanf_options 00401010 f i 14_3uebung.obj
 0001:00000020       _printf                    00401020 f i 14_3uebung.obj
 0001:00000050       _scanf_s                   00401050 f i 14_3uebung.obj
 0001:00000090       _main                      00401090 f   14_3uebung.obj
 0001:0000012c       @__security_check_cookie@4 0040112c f   MSVCRT:secchk.obj
 0001:00000384       _mainCRTStartup            00401384 f   MSVCRT:exe_main.obj
 0001:0000038e       ___raise_securityfailure   0040138e f   MSVCRT:gs_report.obj
 0001:000003b6       ___report_gsfailure        004013b6 f   MSVCRT:gs_report.obj
 0001:000004f3       ___scrt_acquire_startup_lock 004014f3 f   MSVCRT:utility.obj
 0001:00000525       ___scrt_initialize_crt     00401525 f   MSVCRT:utility.obj
 0001:0000055e       ___scrt_initialize_onexit_tables 0040155e f   MSVCRT:utility.obj
 0001:000005e5       ___scrt_is_nonwritable_in_current_image 004015e5 f   MSVCRT:utility.obj
 0001:00000679       ___scrt_release_startup_lock 00401679 f   MSVCRT:utility.obj
 0001:00000696       ___scrt_uninitialize_crt   00401696 f   MSVCRT:utility.obj
 0001:000006be       __onexit                   004016be f   MSVCRT:utility.obj
 0001:000006eb       _atexit                    004016eb f   MSVCRT:utility.obj
 0001:0000074d       ___security_init_cookie    0040174d f   MSVCRT:gs_support.obj
 0001:00000798       ___scrt_initialize_winrt   00401798 f   MSVCRT:utility_desktop.obj
 0001:00000798       __get_startup_commit_mode  00401798 f   MSVCRT:commit_mode.obj
 0001:00000798       __matherr                  00401798 f   MSVCRT:matherr.obj
 0001:00000798       __get_startup_new_mode     00401798 f   MSVCRT:new_mode.obj
 0001:00000798       ___scrt_exe_initialize_mta 00401798 f   MSVCRT:utility_desktop.obj
 0001:00000798       ___scrt_stub_for_initialize_mta 00401798 f   MSVCRT:utility_desktop.obj
 0001:00000798       __get_startup_thread_locale_mode 00401798 f   MSVCRT:thread_locale.obj
 0001:0000079b       __get_startup_argv_mode    0040179b f   MSVCRT:argv_mode.obj
 0001:0000079f       __get_startup_file_mode    0040179f f   MSVCRT:file_mode.obj
 0001:000007a5       ?__scrt_initialize_type_info@@YAXXZ 004017a5 f   MSVCRT:tncleanup.obj
 0001:000007b1       ___acrt_uninitialize       004017b1 f   MSVCRT:ucrt_stubs.obj
 0001:000007b1       ___acrt_initialize         004017b1 f   MSVCRT:ucrt_stubs.obj
 0001:000007b1       ___vcrt_initialize         004017b1 f   MSVCRT:ucrt_stubs.obj
 0001:000007b1       __should_initialize_environment 004017b1 f   MSVCRT:env_mode.obj
 0001:000007b1       ___vcrt_uninitialize       004017b1 f   MSVCRT:ucrt_stubs.obj
 0001:000007b1       ___scrt_stub_for_acrt_initialize 004017b1 f   MSVCRT:ucrt_stubs.obj
 0001:000007b1       ___scrt_stub_for_acrt_uninitialize 004017b1 f   MSVCRT:ucrt_stubs.obj
 0001:000007b4       __initialize_default_precision 004017b4 f   MSVCRT:default_precision.obj
 0001:000007d5       __initialize_denormal_control 004017d5 f   MSVCRT:denormal_control.obj
 0001:000007d5       @_guard_check_icall_nop@4  004017d5 f   MSVCRT:guard_support.obj
 0001:000007d5       __initialize_invalid_parameter_handler 004017d5 f   MSVCRT:invalid_parameter_handler.obj
 0001:000007d8       ___scrt_initialize_default_local_stdio_options 004017d8 f   MSVCRT:default_local_stdio_options.obj
 0001:000007f5       ___scrt_is_user_matherr_present 004017f5 f   MSVCRT:matherr_detection.obj
 0001:00000801       ___scrt_get_dyn_tls_init_callback 00401801 f   MSVCRT:dyn_tls_init.obj
 0001:00000807       ___scrt_get_dyn_tls_dtor_callback 00401807 f   MSVCRT:dyn_tls_dtor.obj
 0001:0000080d       ___scrt_fastfail           0040180d f   MSVCRT:utility_desktop.obj
 0001:00000927       ___scrt_initialize_mta     00401927 f   MSVCRT:utility_desktop.obj
 0001:0000092c       ___scrt_is_managed_app     0040192c f   MSVCRT:utility_desktop.obj
 0001:0000096f       ___scrt_set_unhandled_exception_filter 0040196f f   MSVCRT:utility_desktop.obj
 0001:0000097b       ___scrt_unhandled_exception_filter@4 0040197b f   MSVCRT:utility_desktop.obj
 0001:000009d1       __crt_debugger_hook        004019d1 f   MSVCRT:utility_desktop.obj
 0001:000009d9       __RTC_Initialize           004019d9 f   MSVCRT:initsect.obj
 0001:00000a05       __RTC_Terminate            00401a05 f   MSVCRT:initsect.obj
 0001:00000a40       __SEH_prolog4              00401a40 f   MSVCRT:sehprolg4.obj
 0001:00000a84       __SEH_epilog4              00401a84 f   MSVCRT:sehprolg4.obj
 0001:00000a98       __except_handler4          00401a98 f   MSVCRT:chandler4gs.obj
 0001:00000ac7       ___isa_available_init      00401ac7 f   MSVCRT:cpu_disp.obj
 0001:00000c97       ___scrt_is_ucrt_dll_in_use 00401c97 f   MSVCRT:ucrt_detection.obj
 0001:00000ca3       ___current_exception       00401ca3 f   vcruntime:VCRUNTIME140.dll
 0001:00000ca9       ___current_exception_context 00401ca9 f   vcruntime:VCRUNTIME140.dll
 0001:00000caf       _memset                    00401caf f   vcruntime:VCRUNTIME140.dll
 0001:00000cb5       __except_handler4_common   00401cb5 f   vcruntime:VCRUNTIME140.dll
 0001:00000cbb       __seh_filter_exe           00401cbb f   ucrt:api-ms-win-crt-runtime-l1-1-0.dll
 0001:00000cc1       __set_app_type             00401cc1 f   ucrt:api-ms-win-crt-runtime-l1-1-0.dll
 0001:00000cc7       ___setusermatherr          00401cc7 f   ucrt:api-ms-win-crt-math-l1-1-0.dll
 0001:00000ccd       __configure_narrow_argv    00401ccd f   ucrt:api-ms-win-crt-runtime-l1-1-0.dll
 0001:00000cd3       __initialize_narrow_environment 00401cd3 f   ucrt:api-ms-win-crt-runtime-l1-1-0.dll
 0001:00000cd9       __get_initial_narrow_environment 00401cd9 f   ucrt:api-ms-win-crt-runtime-l1-1-0.dll
 0001:00000cdf       __initterm                 00401cdf f   ucrt:api-ms-win-crt-runtime-l1-1-0.dll
 0001:00000ce5       __initterm_e               00401ce5 f   ucrt:api-ms-win-crt-runtime-l1-1-0.dll
 0001:00000ceb       _exit                      00401ceb f   ucrt:api-ms-win-crt-runtime-l1-1-0.dll
 0001:00000cf1       __exit                     00401cf1 f   ucrt:api-ms-win-crt-runtime-l1-1-0.dll
 0001:00000cf7       __set_fmode                00401cf7 f   ucrt:api-ms-win-crt-stdio-l1-1-0.dll
 0001:00000cfd       ___p___argc                00401cfd f   ucrt:api-ms-win-crt-runtime-l1-1-0.dll
 0001:00000d03       ___p___argv                00401d03 f   ucrt:api-ms-win-crt-runtime-l1-1-0.dll
 0001:00000d09       __cexit                    00401d09 f   ucrt:api-ms-win-crt-runtime-l1-1-0.dll
 0001:00000d0f       __c_exit                   00401d0f f   ucrt:api-ms-win-crt-runtime-l1-1-0.dll
 0001:00000d15       __register_thread_local_exe_atexit_callback 00401d15 f   ucrt:api-ms-win-crt-runtime-l1-1-0.dll
 0001:00000d1b       __configthreadlocale       00401d1b f   ucrt:api-ms-win-crt-locale-l1-1-0.dll
 0001:00000d21       __set_new_mode             00401d21 f   ucrt:api-ms-win-crt-heap-l1-1-0.dll
 0001:00000d27       ___p__commode              00401d27 f   ucrt:api-ms-win-crt-stdio-l1-1-0.dll
 0001:00000d2d       __initialize_onexit_table  00401d2d f   ucrt:api-ms-win-crt-runtime-l1-1-0.dll
 0001:00000d33       __register_onexit_function 00401d33 f   ucrt:api-ms-win-crt-runtime-l1-1-0.dll
 0001:00000d39       __crt_atexit               00401d39 f   ucrt:api-ms-win-crt-runtime-l1-1-0.dll
 0001:00000d3f       __controlfp_s              00401d3f f   ucrt:api-ms-win-crt-runtime-l1-1-0.dll
 0001:00000d45       _terminate                 00401d45 f   ucrt:api-ms-win-crt-runtime-l1-1-0.dll
 0001:00000d4b       _IsProcessorFeaturePresent@4 00401d4b f   kernel32:KERNEL32.dll
 0001:00000d51       __filter_x86_sse2_floating_point_exception 00401d51 f   MSVCRT:x86_exception_filter.obj
 0001:00000d51       __filter_x86_sse2_floating_point_exception_default 00401d51 f   MSVCRT:x86_exception_filter.obj
 0002:00000000       __imp__GetSystemTimeAsFileTime@4 00402000     kernel32:KERNEL32.dll
 0002:00000004       __imp__SetUnhandledExceptionFilter@4 00402004     kernel32:KERNEL32.dll
 0002:00000008       __imp__GetCurrentProcess@0 00402008     kernel32:KERNEL32.dll
 0002:0000000c       __imp__TerminateProcess@8  0040200c     kernel32:KERNEL32.dll
 0002:00000010       __imp__IsProcessorFeaturePresent@4 00402010     kernel32:KERNEL32.dll
 0002:00000014       __imp__GetModuleHandleW@4  00402014     kernel32:KERNEL32.dll
 0002:00000018       __imp__IsDebuggerPresent@0 00402018     kernel32:KERNEL32.dll
 0002:0000001c       __imp__InitializeSListHead@4 0040201c     kernel32:KERNEL32.dll
 0002:00000020       __imp__UnhandledExceptionFilter@4 00402020     kernel32:KERNEL32.dll
 0002:00000024       __imp__GetCurrentThreadId@0 00402024     kernel32:KERNEL32.dll
 0002:00000028       __imp__GetCurrentProcessId@0 00402028     kernel32:KERNEL32.dll
 0002:0000002c       __imp__QueryPerformanceCounter@4 0040202c     kernel32:KERNEL32.dll
 0002:00000030       \177KERNEL32_NULL_THUNK_DATA 00402030     kernel32:KERNEL32.dll
 0002:00000034       __imp____current_exception_context 00402034     vcruntime:VCRUNTIME140.dll
 0002:00000038       __imp____current_exception 00402038     vcruntime:VCRUNTIME140.dll
 0002:0000003c       __imp__memset              0040203c     vcruntime:VCRUNTIME140.dll
 0002:00000040       __imp___except_handler4_common 00402040     vcruntime:VCRUNTIME140.dll
 0002:00000044       \177VCRUNTIME140_NULL_THUNK_DATA 00402044     vcruntime:VCRUNTIME140.dll
 0002:00000048       __imp__free                00402048     ucrt:api-ms-win-crt-heap-l1-1-0.dll
 0002:0000004c       __imp__malloc              0040204c     ucrt:api-ms-win-crt-heap-l1-1-0.dll
 0002:00000050       __imp___set_new_mode       00402050     ucrt:api-ms-win-crt-heap-l1-1-0.dll
 0002:00000054       \177api-ms-win-crt-heap-l1-1-0_NULL_THUNK_DATA 00402054     ucrt:api-ms-win-crt-heap-l1-1-0.dll
 0002:00000058       __imp___configthreadlocale 00402058     ucrt:api-ms-win-crt-locale-l1-1-0.dll
 0002:0000005c       \177api-ms-win-crt-locale-l1-1-0_NULL_THUNK_DATA 0040205c     ucrt:api-ms-win-crt-locale-l1-1-0.dll
 0002:00000060       __imp____setusermatherr    00402060     ucrt:api-ms-win-crt-math-l1-1-0.dll
 0002:00000064       \177api-ms-win-crt-math-l1-1-0_NULL_THUNK_DATA 00402064     ucrt:api-ms-win-crt-math-l1-1-0.dll
 0002:00000068       __imp___initterm_e         00402068     ucrt:api-ms-win-crt-runtime-l1-1-0.dll
 0002:0000006c       __imp___c_exit             0040206c     ucrt:api-ms-win-crt-runtime-l1-1-0.dll
 0002:00000070       __imp___initialize_onexit_table 00402070     ucrt:api-ms-win-crt-runtime-l1-1-0.dll
 0002:00000074       __imp___register_onexit_function 00402074     ucrt:api-ms-win-crt-runtime-l1-1-0.dll
 0002:00000078       __imp___cexit              00402078     ucrt:api-ms-win-crt-runtime-l1-1-0.dll
 0002:0000007c       __imp___crt_atexit         0040207c     ucrt:api-ms-win-crt-runtime-l1-1-0.dll
 0002:00000080       __imp___controlfp_s        00402080     ucrt:api-ms-win-crt-runtime-l1-1-0.dll
 0002:00000084       __imp__terminate           00402084     ucrt:api-ms-win-crt-runtime-l1-1-0.dll
 0002:00000088       __imp__exit                00402088     ucrt:api-ms-win-crt-runtime-l1-1-0.dll
 0002:0000008c       __imp____p___argv          0040208c     ucrt:api-ms-win-crt-runtime-l1-1-0.dll
 0002:00000090       __imp____p___argc          00402090     ucrt:api-ms-win-crt-runtime-l1-1-0.dll
 0002:00000094       __imp___register_thread_local_exe_atexit_callback 00402094     ucrt:api-ms-win-crt-runtime-l1-1-0.dll
 0002:00000098       __imp___exit               00402098     ucrt:api-ms-win-crt-runtime-l1-1-0.dll
 0002:0000009c       __imp___initterm           0040209c     ucrt:api-ms-win-crt-runtime-l1-1-0.dll
 0002:000000a0       __imp___get_initial_narrow_environment 004020a0     ucrt:api-ms-win-crt-runtime-l1-1-0.dll
 0002:000000a4       __imp___initialize_narrow_environment 004020a4     ucrt:api-ms-win-crt-runtime-l1-1-0.dll
 0002:000000a8       __imp___configure_narrow_argv 004020a8     ucrt:api-ms-win-crt-runtime-l1-1-0.dll
 0002:000000ac       __imp___set_app_type       004020ac     ucrt:api-ms-win-crt-runtime-l1-1-0.dll
 0002:000000b0       __imp___seh_filter_exe     004020b0     ucrt:api-ms-win-crt-runtime-l1-1-0.dll
 0002:000000b4       \177api-ms-win-crt-runtime-l1-1-0_NULL_THUNK_DATA 004020b4     ucrt:api-ms-win-crt-runtime-l1-1-0.dll
 0002:000000b8       __imp____stdio_common_vfscanf 004020b8     ucrt:api-ms-win-crt-stdio-l1-1-0.dll
 0002:000000bc       __imp____stdio_common_vfprintf 004020bc     ucrt:api-ms-win-crt-stdio-l1-1-0.dll
 0002:000000c0       __imp____acrt_iob_func     004020c0     ucrt:api-ms-win-crt-stdio-l1-1-0.dll
 0002:000000c4       __imp___set_fmode          004020c4     ucrt:api-ms-win-crt-stdio-l1-1-0.dll
 0002:000000c8       __imp____p__commode        004020c8     ucrt:api-ms-win-crt-stdio-l1-1-0.dll
 0002:000000cc       \177api-ms-win-crt-stdio-l1-1-0_NULL_THUNK_DATA 004020cc     ucrt:api-ms-win-crt-stdio-l1-1-0.dll
 0002:000000d0       ___guard_check_icall_fptr  004020d0     MSVCRT:guard_support.obj
 0002:000000d4       ___xc_a                    004020d4     MSVCRT:initializers.obj
 0002:000000dc       ___xc_z                    004020dc     MSVCRT:initializers.obj
 0002:000000e0       ___xi_a                    004020e0     MSVCRT:initializers.obj
 0002:000000ec       ___xi_z                    004020ec     MSVCRT:initializers.obj
 0002:000000f0       ___xp_a                    004020f0     MSVCRT:initializers.obj
 0002:000000f4       ___xp_z                    004020f4     MSVCRT:initializers.obj
 0002:000000f8       ___xt_a                    004020f8     MSVCRT:initializers.obj
 0002:000000fc       ___xt_z                    004020fc     MSVCRT:initializers.obj
 0002:00000108       ??_C@_02DKCKIIND@?$CFs@    00402108     14_3uebung.obj
 0002:00000180       __load_config_used         00402180     MSVCRT:loadcfg.obj
 0002:00000238       ___safe_se_handler_table   00402238     <linker-defined>
 0002:00000500       ___rtc_iaa                 00402500     MSVCRT:initsect.obj
 0002:00000504       ___rtc_izz                 00402504     MSVCRT:initsect.obj
 0002:00000508       ___rtc_taa                 00402508     MSVCRT:initsect.obj
 0002:0000050c       ___rtc_tzz                 0040250c     MSVCRT:initsect.obj
 0002:0000054c       __IMPORT_DESCRIPTOR_VCRUNTIME140 0040254c     vcruntime:VCRUNTIME140.dll
 0002:00000560       __IMPORT_DESCRIPTOR_api-ms-win-crt-stdio-l1-1-0 00402560     ucrt:api-ms-win-crt-stdio-l1-1-0.dll
 0002:00000574       __IMPORT_DESCRIPTOR_api-ms-win-crt-heap-l1-1-0 00402574     ucrt:api-ms-win-crt-heap-l1-1-0.dll
 0002:00000588       __IMPORT_DESCRIPTOR_api-ms-win-crt-runtime-l1-1-0 00402588     ucrt:api-ms-win-crt-runtime-l1-1-0.dll
 0002:0000059c       __IMPORT_DESCRIPTOR_api-ms-win-crt-math-l1-1-0 0040259c     ucrt:api-ms-win-crt-math-l1-1-0.dll
 0002:000005b0       __IMPORT_DESCRIPTOR_api-ms-win-crt-locale-l1-1-0 004025b0     ucrt:api-ms-win-crt-locale-l1-1-0.dll
 0002:000005c4       __IMPORT_DESCRIPTOR_KERNEL32 004025c4     kernel32:KERNEL32.dll
 0002:000005d8       __NULL_IMPORT_DESCRIPTOR   004025d8     vcruntime:VCRUNTIME140.dll
 0003:00000000       ___security_cookie_complement 00403000     MSVCRT:gs_cookie.obj
 0003:00000004       ___security_cookie         00403004     MSVCRT:gs_cookie.obj
 0003:00000008       ___scrt_native_dllmain_reason 00403008     MSVCRT:utility.obj
 0003:0000000c       ___scrt_default_matherr    0040300c     MSVCRT:matherr.obj
 0003:00000010       ___isa_enabled             00403010     MSVCRT:cpu_disp.obj
 0003:00000014       ___scrt_ucrt_dll_is_in_use 00403014     MSVCRT:ucrt_stubs.obj
 0003:00000334       ___scrt_current_native_startup_state 00403334     MSVCRT:utility.obj
 0003:00000338       ___scrt_native_startup_lock 00403338     MSVCRT:utility.obj
 0003:00000358       ?__type_info_root_node@@3U__type_info_node@@A 00403358     MSVCRT:tncleanup.obj
 0003:00000360       ___scrt_debugger_hook_flag 00403360     MSVCRT:utility_desktop.obj
 0003:00000364       ___isa_available           00403364     MSVCRT:cpu_disp.obj
 0003:00000368       ___favor                   00403368     MSVCRT:cpu_disp.obj
 0003:0000036c       ___dyn_tls_dtor_callback   0040336c     <common>
 0003:00000370       ___dyn_tls_init_callback   00403370     <common>
 0003:00000378       ?_OptionsStorage@?1??__local_stdio_scanf_options@@9@9 00403378     <common>
 0003:00000380       ?_OptionsStorage@?1??__local_stdio_printf_options@@9@9 00403380     <common>

 entry point at        0001:00000384

 Static symbols

 0000:ffffa000       .debug$S                   00400000     vcruntime:VCRUNTIME140.dll
 0000:ffffa000       .debug$S                   00400000     vcruntime:VCRUNTIME140.dll
 0000:ffffa000       .debug$S                   00400000     vcruntime:VCRUNTIME140.dll
 0000:ffffa000       .debug$S                   00400000     vcruntime:VCRUNTIME140.dll
 0000:ffffa000       .debug$S                   00400000     vcruntime:VCRUNTIME140.dll
 0000:ffffa000       .debug$S                   00400000     ucrt:api-ms-win-crt-heap-l1-1-0.dll
 0000:ffffa000       .debug$S                   00400000     ucrt:api-ms-win-crt-heap-l1-1-0.dll
 0000:ffffa000       .debug$S                   00400000     ucrt:api-ms-win-crt-heap-l1-1-0.dll
 0000:ffffa000       .debug$S                   00400000     ucrt:api-ms-win-crt-locale-l1-1-0.dll
 0000:ffffa000       .debug$S                   00400000     ucrt:api-ms-win-crt-math-l1-1-0.dll
 0000:ffffa000       .debug$S                   00400000     ucrt:api-ms-win-crt-runtime-l1-1-0.dll
 0000:ffffa000       .debug$S                   00400000     ucrt:api-ms-win-crt-runtime-l1-1-0.dll
 0000:ffffa000       .debug$S                   00400000     ucrt:api-ms-win-crt-runtime-l1-1-0.dll
 0000:ffffa000       .debug$S                   00400000     ucrt:api-ms-win-crt-runtime-l1-1-0.dll
 0000:ffffa000       .debug$S                   00400000     ucrt:api-ms-win-crt-runtime-l1-1-0.dll
 0000:ffffa000       .debug$S                   00400000     ucrt:api-ms-win-crt-runtime-l1-1-0.dll
 0000:ffffa000       .debug$S                   00400000     ucrt:api-ms-win-crt-runtime-l1-1-0.dll
 0000:ffffa000       .debug$S                   00400000     ucrt:api-ms-win-crt-runtime-l1-1-0.dll
 0000:ffffa000       .debug$S                   00400000     ucrt:api-ms-win-crt-runtime-l1-1-0.dll
 0000:ffffa000       .debug$S                   00400000     ucrt:api-ms-win-crt-runtime-l1-1-0.dll
 0000:ffffa000       .debug$S                   00400000     ucrt:api-ms-win-crt-runtime-l1-1-0.dll
 0000:ffffa000       .debug$S                   00400000     ucrt:api-ms-win-crt-runtime-l1-1-0.dll
 0000:ffffa000       .debug$S                   00400000     ucrt:api-ms-win-crt-runtime-l1-1-0.dll
 0000:ffffa000       .debug$S                   00400000     ucrt:api-ms-win-crt-runtime-l1-1-0.dll
 0000:ffffa000       .debug$S                   00400000     ucrt:api-ms-win-crt-runtime-l1-1-0.dll
 0000:ffffa000       .debug$S                   00400000     ucrt:api-ms-win-crt-runtime-l1-1-0.dll
 0000:ffffa000       .debug$S                   00400000     ucrt:api-ms-win-crt-runtime-l1-1-0.dll
 0000:ffffa000       .debug$S                   00400000     ucrt:api-ms-win-crt-runtime-l1-1-0.dll
 0000:ffffa000       .debug$S                   00400000     ucrt:api-ms-win-crt-runtime-l1-1-0.dll
 0000:ffffa000       .debug$S                   00400000     ucrt:api-ms-win-crt-runtime-l1-1-0.dll
 0000:ffffa000       .debug$S                   00400000     ucrt:api-ms-win-crt-runtime-l1-1-0.dll
 0000:ffffa000       .debug$S                   00400000     ucrt:api-ms-win-crt-runtime-l1-1-0.dll
 0000:ffffa000       .debug$S                   00400000     ucrt:api-ms-win-crt-stdio-l1-1-0.dll
 0000:ffffa000       .debug$S                   00400000     ucrt:api-ms-win-crt-stdio-l1-1-0.dll
 0000:ffffa000       .debug$S                   00400000     ucrt:api-ms-win-crt-stdio-l1-1-0.dll
 0000:ffffa000       .debug$S                   00400000     ucrt:api-ms-win-crt-stdio-l1-1-0.dll
 0000:ffffa000       .debug$S                   00400000     ucrt:api-ms-win-crt-stdio-l1-1-0.dll
 0000:ffffa000       .debug$S                   00400000     kernel32:KERNEL32.dll
 0000:ffffa000       .debug$S                   00400000     kernel32:KERNEL32.dll
 0000:ffffa000       .debug$S                   00400000     kernel32:KERNEL32.dll
 0000:ffffa000       .debug$S                   00400000     kernel32:KERNEL32.dll
 0000:ffffa000       .debug$S                   00400000     kernel32:KERNEL32.dll
 0000:ffffa000       .debug$S                   00400000     kernel32:KERNEL32.dll
 0000:ffffa000       .debug$S                   00400000     kernel32:KERNEL32.dll
 0000:ffffa000       .debug$S                   00400000     kernel32:KERNEL32.dll
 0000:ffffa000       .debug$S                   00400000     kernel32:KERNEL32.dll
 0000:ffffa000       .debug$S                   00400000     kernel32:KERNEL32.dll
 0000:ffffa000       .debug$S                   00400000     kernel32:KERNEL32.dll
 0000:ffffa000       .debug$S                   00400000     kernel32:KERNEL32.dll
 0000:ffffa000       .debug$S                   00400000     kernel32:KERNEL32.dll
 0001:0000013d       ?pre_c_initialization@@YAHXZ 0040113d f   MSVCRT:exe_main.obj
 0001:000001e8       ?post_pgo_initialization@@YAHXZ 004011e8 f   MSVCRT:exe_main.obj
 0001:000001f0       ?pre_cpp_initialization@@YAXXZ 004011f0 f   MSVCRT:exe_main.obj
 0001:00000202       ?__scrt_common_main_seh@@YAHXZ 00401202 f   MSVCRT:exe_main.obj
 0001:000004af       ?find_pe_section@@YAPAU_IMAGE_SECTION_HEADER@@QAEI@Z 004014af f   MSVCRT:utility.obj
 0001:00000700       ___get_entropy             00401700 f   MSVCRT:gs_support.obj
 0001:00000a40       $$000000                   00401a40     MSVCRT:sehprolg4.obj
 0002:000000d8       ?pre_cpp_initializer@@3P6AXXZA 004020d8     MSVCRT:exe_main.obj
 0002:000000e4       ?pre_c_initializer@@3P6AHXZA 004020e4     MSVCRT:exe_main.obj
 0002:000000e8       ?post_pgo_initializer@@3P6AHXZA 004020e8     MSVCRT:exe_main.obj
 0002:00000100       _GS_ExceptionPointers      00402100     MSVCRT:gs_report.obj
 0002:00000510       __sehtable$?__scrt_common_main_seh@@YAHXZ 00402510     MSVCRT:exe_main.obj
 0002:00000530       __sehtable$___scrt_is_nonwritable_in_current_image 00402530     MSVCRT:utility.obj
 0002:00000714       .idata$6                   00402714     vcruntime:VCRUNTIME140.dll
 0002:00000940       .idata$6                   00402940     ucrt:api-ms-win-crt-stdio-l1-1-0.dll
 0002:00000960       .idata$6                   00402960     ucrt:api-ms-win-crt-heap-l1-1-0.dll
 0002:00000980       .idata$6                   00402980     ucrt:api-ms-win-crt-runtime-l1-1-0.dll
 0002:000009a2       .idata$6                   004029a2     ucrt:api-ms-win-crt-math-l1-1-0.dll
 0002:000009c2       .idata$6                   004029c2     ucrt:api-ms-win-crt-locale-l1-1-0.dll
 0002:00000b00       .idata$6                   00402b00     kernel32:KERNEL32.dll
 0003:00000018       _GS_ExceptionRecord        00403018     MSVCRT:gs_report.obj
 0003:00000068       _GS_ContextRecord          00403068     MSVCRT:gs_report.obj
 0003:0000033c       ?is_initialized_as_dll@@3_NA 0040333c     MSVCRT:utility.obj
 0003:0000033d       ?module_local_atexit_table_initialized@@3_NA 0040333d     MSVCRT:utility.obj
 0003:00000340       ?module_local_atexit_table@@3U_onexit_table_t@@A 00403340     MSVCRT:utility.obj
 0003:0000034c       ?module_local_at_quick_exit_table@@3U_onexit_table_t@@A 0040334c     MSVCRT:utility.obj
 0004:00000060       $R000000                   00404060     * linker generated manifest res *
