Circuit: * J:\user\christoph\sicher\FH\Elektronik2\2018\Lektion1 AnalogeSpR LinearR\AnPVstLTSpice\audioampFH2.asc

Direct Newton iteration for .op point succeeded.
N-Period=1
Fourier components of V(a)
DC component:-0.858696

Harmonic	Frequency	 Fourier 	Normalized	 Phase  	Normalized
 Number 	  [Hz]   	Component	 Component	[degree]	Phase [deg]
    1   	1.000e+03	1.516e+01	1.000e+00	   -0.01°	    0.00°
    2   	2.000e+03	1.282e-01	8.459e-03	   90.18°	   90.19°
    3   	3.000e+03	7.970e-01	5.257e-02	 -179.85°	 -179.84°
    4   	4.000e+03	1.214e-01	8.008e-03	   90.22°	   90.23°
    5   	5.000e+03	4.322e-01	2.851e-02	 -179.80°	 -179.79°
    6   	6.000e+03	1.095e-01	7.224e-03	   90.16°	   90.17°
    7   	7.000e+03	2.677e-01	1.765e-02	 -179.89°	 -179.88°
    8   	8.000e+03	9.748e-02	6.430e-03	   90.16°	   90.17°
    9   	9.000e+03	1.743e-01	1.150e-02	  179.88°	  179.89°
Total Harmonic Distortion: 6.518579%(6.653440%)



p_rl: AVG(v(a)*i(r14))=7.26147 FROM 0 TO 0.01
p_vq7: AVG((v(n001)-v(n006))*ic(q7))=2.29454 FROM 0 TO 0.01
p_vq8: AVG((v(n007)-v(n011))*ic(q8))=-2.25512 FROM 0 TO 0.01
maxval: MAX(v(a))=14.7717 FROM 0 TO 0.01


Date: Fri Feb 23 09:06:20 2018
Total elapsed time: 0.203 seconds.

tnom = 27
temp = 27
method = modified trap
totiter = 8606
traniter = 8588
tranpoints = 3705
accept = 2887
rejected = 818
matrix size = 46
fillins = 41
solver = Normal
Matrix Compiler1: 5,71 KB object code size  7.0/3.3/[2.1]
Matrix Compiler2: off  [2.6]/2.9/5.6


