Circuit: * C:\D\user\CHRISTOP\sicher\FH\elektronik\2017\Lektion1 AnalogePVerstaerker\AnPVstLTSpice\audioampFH2Trans_.asc

Direct Newton iteration failed to find .op point.  (Use ".option noopiter" to skip.)
Starting Gmin stepping
Gmin = 10
Gmin = 1.07374
Gmin = 0.115292
Gmin = 0.0123794
Gmin = 0.00132923
Gmin = 0.000142725
Gmin = 1.5325e-005
Gmin = 1.6455e-006
Gmin = 1.76685e-007
Gmin = 1.89714e-008
Gmin = 2.03704e-009
Gmin = 2.18725e-010
Gmin = 2.34854e-011
Gmin = 2.52173e-012
Gmin = 2.70769e-013
Gmin = 0
Gmin stepping succeeded in finding the operating point.

.fourier quantity "V(a)" not pressent in data.



Measurement "p_rl" FAIL'ed
p_vq7: AVG((v(n001)-v(n006))*ic(q7))=9.97842e-006 FROM 0 TO 0.01
p_vq8: AVG((v(n007)-v(n011))*ic(q8))=-5.76668e-006 FROM 0 TO 0.01

Measurement "maxval" FAIL'ed


Date: Sat Aug 12 14:38:19 2017
Total elapsed time: 0.140 seconds.

tnom = 27
temp = 27
method = modified trap
totiter = 2493
traniter = 2034
tranpoints = 1018
accept = 1018
rejected = 0
matrix size = 68
fillins = 61
solver = Normal
Matrix Compiler1: 8,41 KB object code size  5.2/4.7/[2.4]
Matrix Compiler2: off  [3.4]/3.6/11.0


