Circuit: * C:\D\user\CHRISTOP\sicher\FH\elektronik\2017\Lektion1 AnalogePVerstaerker\AnPVstLTSpice\audioampFH2Trans.asc

R11: both pins shorted together -- ignoring.
WARNING: Node N003 is floating.

WARNING: Less than two connections to node N003.  This node is used by C3.
Direct Newton iteration failed to find .op point.  (Use ".option noopiter" to skip.)
Starting Gmin stepping
Gmin = 10
Gmin = 1.07374
Gmin = 0.115292
Gmin = 0.0123794
Gmin = 0.00132923
Gmin = 0.000142725
Gmin = 1.5325e-005
Gmin = 1.6455e-006
Gmin = 1.76685e-007
Gmin = 1.89714e-008
Gmin = 2.03704e-009
Gmin = 2.18725e-010
Gmin = 2.34854e-011
Gmin = 2.52173e-012
Gmin = 2.70769e-013
Gmin = 0
Gmin stepping succeeded in finding the operating point.

.fourier quantity "V(a)" not pressent in data.

.fourier quantity "V(a)" not pressent in data.


Date: Sat Aug 12 15:01:16 2017
Total elapsed time: 0.891 seconds.

tnom = 27
temp = 27
method = modified trap
totiter = 13944
traniter = 13470
tranpoints = 5830
accept = 4469
rejected = 1361
matrix size = 136
fillins = 122
solver = Normal
Thread vector: 25.2/15.4[2] 12.9/8.5[2] 5.0/4.5[2] 2.7/4.6[1]  2592/500
Matrix Compiler1: 16,8 KB object code size  9.1/6.9/[3.3]
Matrix Compiler2:    1102 opcodes  5.7/[5.8]/21.1


