Circuit: * C:\Users\admin\OneDrive - FH Vorarlberg\Schaltungstechnik\Stuettler\Lektion1\UeTransistorLT\Tr_ColSchMitRe.asc

Warning: Multiple definitions of model "2scr375p" Type: BJT
Warning: Multiple definitions of model "bc857b" Type: BJT
Warning: Multiple definitions of model "bc847c" Type: BJT
Warning: Multiple definitions of model "bc847b" Type: BJT
Direct Newton iteration for .op point succeeded.

ic: AVG(ic(q2))=0.00381392 FROM 0.9 TO 1
ic_apacmessu: AVG(ic(q1))=0.00374047 FROM 0.9 TO 1
ib: AVG(ib(q2))=1.2048e-005 FROM 0 TO 1
ue: AVG(v(ue1))=1.43749 FROM 0 TO 1
ue_: AVG(v(ue2))=1.43316 FROM 0 TO 1
beta: AVG(ic(q2)/ib(q2))=316.56 FROM 0 TO 1
s: AVG(ic(q2)/0.025)=0.152557 FROM 0 TO 1
s_icube: AVG( (ic(q2)-ic(q3))/( (v(ue1)-v(ua1)) - (v(ue2)-v(ua2)) ) )=0.131952 FROM 0 TO 1
rbe_ap: AVG(beta/s)=2075.03 FROM 0 TO 1
r_basis: AVG(beta*(200+(1/s)))=65387 FROM 0 TO 1
re: AVG(1/((1/16000)+(1/84000)+(1/r_basis)))=11148.5 FROM 0 TO 1
re_ui: AVG((v(ue2)-v(ue1))/(i(r2)-i(r5)))=11097.7 FROM 0 TO 1
a: AVG(1)=1 FROM 0 TO 1
a_ui: AVG((v(ua2)-v(ua1))/(v(ue1)-v(ue2)))=-0.963606 FROM 0 TO 1
r_bas: AVG(1/((1/1000k)+(1/84k)+(1/16k)))=13261.8 FROM 0 TO 1
r_emitt: AVG(r_bas/beta)=41.8934 FROM 0 TO 1
ra: AVG(1/((1/r_emitt)+(1/200)))=34.6379 FROM 0 TO 1
ra_ui: AVG((v(ua3)-v(ua4))/(i(rl1)-i(rl2)))=-40.0026 FROM 0 TO 1
uamax: MAX(v(ua5))=0.750561 FROM 0 TO 1
uamin: MIN(v(ua5))=0.75035 FROM 0 TO 1
uaampl: AVG(uamax-uamin)=0.000210822 FROM 0 TO 1
uemax: MAX(v(ue5))=1.4223 FROM 0 TO 1
uemin: MIN(v(ue5))=1.42208 FROM 0 TO 1
ueampl: AVG(uemax-uemin)=0.000218987 FROM 0 TO 1
a_sin: AVG( uaampl/ueampl)=0.962711 FROM 0 TO 1
iemax: MAX(i(r1))=1.43205e-006 FROM 0 TO 1
iemin: MIN(i(r1))=1.41233e-006 FROM 0 TO 1
ieampl: AVG(iemax-iemin)=1.97174e-008 FROM 0 TO 1
re_sin: AVG(ueampl/ieampl)=11106.3 FROM 0 TO 1


Date: Sat Dec 03 11:19:36 2022
Total elapsed time: 0.766 seconds.

tnom = 27
temp = 27
method = modified trap
totiter = 80035
traniter = 80030
tranpoints = 40016
accept = 24018
rejected = 15998
matrix size = 46
fillins = 0
solver = Normal
Matrix Compiler1: 2.54 KB object code size  0.5/0.4/[0.2]
Matrix Compiler2: 3.57 KB object code size  0.3/0.4/[0.2]

