Circuit: * C:\Users\admin\OneDrive - FH Vorarlberg\Schaltungstechnik\Stuettler\Lektion1\UeTransistorLT\Tr_EmSchMitRe.asc

Warning: Multiple definitions of model "2scr375p" Type: BJT
Warning: Multiple definitions of model "bc857b" Type: BJT
Warning: Multiple definitions of model "bc847c" Type: BJT
Warning: Multiple definitions of model "bc847b" Type: BJT
Direct Newton iteration for .op point succeeded.

ic: AVG(ic(q2))=0.00377063 FROM 0.9 TO 1
ic_: AVG(ic(q1))=0.00369913 FROM 0.9 TO 1
ib: AVG(ib(q2))=1.25993e-005 FROM 0 TO 1
ube: AVG(v(ue1)-v(uem1))=0.673442 FROM 0 TO 1
ube_: AVG(v(ue2)-v(uem2))=0.67328 FROM 0 TO 1
beta: AVG(ic(q2)/ib(q2))=299.272 FROM 0 TO 1
s: AVG(ic(q2)/0.025)=0.150825 FROM 0 TO 1
s_icube: AVG( (ic(q2)-ic(q3))/( (v(ue1)-v(uem1)) - (v(ue2)-v(uem2)) ) )=0.123778 FROM 0 TO 1
rbe_ap: AVG(beta/s)=1984.23 FROM 0 TO 1
r_basis: AVG(beta*(200+(1/s)))=61838.6 FROM 0 TO 1
re: AVG(1/((1/16000)+(1/84000)+(1/r_basis)))=11040.5 FROM 0 TO 1
re_ui: AVG((v(ue2)-v(ue1))/(i(r2)-i(r5)))=10878.9 FROM 0 TO 1
a: AVG(1k/200)=5 FROM 0 TO 1
a_ui: AVG((v(ua2)-v(ua1))/(v(ue1)-v(ue2)))=4.78899 FROM 0 TO 1
ra: AVG((v(ua3)-v(ua4))/(i(rl1)-i(rl2)))=-988.007 FROM 0 TO 1
uamax: MAX(v(ua5))=6.30138 FROM 0 TO 1
uamin: MIN(v(ua5))=6.30035 FROM 0 TO 1
uaampl: AVG(uamax-uamin)=0.00102758 FROM 0 TO 1
uemax: MAX(v(ue5))=1.41526 FROM 0 TO 1
uemin: MIN(v(ue5))=1.41505 FROM 0 TO 1
ueampl: AVG(uemax-uemin)=0.000214696 FROM 0 TO 1
a_sin: AVG( uaampl/ueampl)=4.78623 FROM 0 TO 1
iemax: MAX(i(r1))=1.42502e-006 FROM 0 TO 1
iemin: MIN(i(r1))=1.40529e-006 FROM 0 TO 1
ieampl: AVG(iemax-iemin)=1.97216e-008 FROM 0 TO 1
re_sin: AVG(ueampl/ieampl)=10886.3 FROM 0 TO 1


Date: Sat Dec 03 11:17:38 2022
Total elapsed time: 0.797 seconds.

tnom = 27
temp = 27
method = modified trap
totiter = 80035
traniter = 80030
tranpoints = 40016
accept = 24018
rejected = 15998
matrix size = 46
fillins = 0
solver = Normal
Matrix Compiler1: 2.54 KB object code size  0.6/0.3/[0.2]
Matrix Compiler2: 3.57 KB object code size  0.3/0.4/[0.2]

