Circuit: * C:\Users\admin\OneDrive - FH Vorarlberg\Schaltungstechnik\Stuettler\Lektion1\UeTransistorLT\Tr_EmSchOhneRe_.asc

Warning: Multiple definitions of model "2scr375p" Type: BJT
Warning: Multiple definitions of model "bc857b" Type: BJT
Warning: Multiple definitions of model "bc847c" Type: BJT
Warning: Multiple definitions of model "bc847b" Type: BJT
Direct Newton iteration for .op point succeeded.

ic: AVG(ic(q2))=0.0045744 FROM 0.9 TO 1
ic_: AVG(ic(q1))=0.00442081 FROM 0.9 TO 1
ib: AVG(ib(q2))=1.53789e-005 FROM 0 TO 1
ube: AVG(v(ue1))=0.67903 FROM 0 TO 1
ube_: AVG(v(ue2))=0.679449 FROM 0 TO 1
beta: AVG(ic(q2)/ib(q2))=297.447 FROM 0 TO 1
s: AVG(ic(q2)/0.025)=0.182976 FROM 0 TO 1
s_icube: AVG( (ic(q2)-ic(q3))/( v(ue1) - v(ue2)) )=0.148642 FROM 0 TO 1
rbeap: AVG(beta/s)=1625.61 FROM 0 TO 1
re: AVG(1/((1/8000)+(1/93000)+(1/rbeap)))=1331.72 FROM 0 TO 1
re_ui: AVG((v(ue2)-v(ue1))/(i(r2)-i(r5)))=1455.33 FROM 0 TO 1
a: AVG(1k*s)=182.976 FROM 0 TO 1
a_ui: AVG((v(ua2)-v(ua1))/(v(ue1)-v(ue2)))=148.641 FROM 0 TO 1
ra: AVG((v(ua3)-v(ua4))/(i(rl1)-i(rl2)))=-936.331 FROM 0 TO 1
uamax: MAX(v(ua5))=5.58134 FROM 0 TO 1
uamin: MIN(v(ua5))=5.57704 FROM 0 TO 1
uaampl: AVG(uamax-uamin)=0.00430441 FROM 0 TO 1
uemax: MAX(v(ue5))=0.677991 FROM 0 TO 1
uemin: MIN(v(ue5))=0.677961 FROM 0 TO 1
ueampl: AVG(uemax-uemin)=2.99215e-005 FROM 0 TO 1
a_sin: AVG( uaampl/ueampl)=143.857 FROM 0 TO 1
iemax: MAX(i(r1))=6.87929e-007 FROM 0 TO 1
iemin: MIN(i(r1))=6.68022e-007 FROM 0 TO 1
ieampl: AVG(iemax-iemin)=1.99063e-008 FROM 0 TO 1
re_sin: AVG(ueampl/ieampl)=1503.12 FROM 0 TO 1


Date: Sat Dec 03 10:48:40 2022
Total elapsed time: 0.753 seconds.

tnom = 27
temp = 27
method = modified trap
totiter = 80035
traniter = 80030
tranpoints = 40016
accept = 24018
rejected = 15998
matrix size = 41
fillins = 0
solver = Normal
Matrix Compiler1: 2.30 KB object code size  0.6/0.4/[0.1]
Matrix Compiler2: 3.22 KB object code size  0.3/0.6/[0.2]

