Circuit: * E:\user\christoph\sicher\FH\elektronik\2017\Lektion0 AnalogeSpR LinearR\UeTransistorLT\Tr_IcUbe.asc

Direct Newton iteration for .op point succeeded.
Semiconductor Device Operating Points:
                        --- Bipolar Transistors ---
Name:       q3          q2          q1
Model:      npn         npn         npn
Ib:       8.23e-03    9.05e-03    2.29e-04
Ic:       8.23e-01    9.05e-01    2.29e-02
Vbe:      9.48e-01    9.50e-01    8.55e-01
Vbc:     -9.05e+00   -9.05e+00   -9.14e+00
Vce:      1.00e+01    1.00e+01    1.00e+01
BetaDC:   1.00e+02    1.00e+02    1.00e+02
Gm:       3.18e+01    3.50e+01    8.85e-01
Rpi:      3.14e+00    2.86e+00    1.13e+02
Rx:       0.00e+00    0.00e+00    0.00e+00
Ro:         NaN         NaN         NaN
Cbe:      0.00e+00    0.00e+00    0.00e+00
Cbc:      0.00e+00    0.00e+00    0.00e+00
Cjs:      0.00e+00    0.00e+00    0.00e+00
BetaAC:   1.00e+02    1.00e+02    1.00e+02
Cbx:      0.00e+00    0.00e+00    0.00e+00
Ft:       0.00e+00    0.00e+00    0.00e+00



rbe=95000 FROM 5000 TO 100000
rbeap=95000 FROM 5000 TO 100000
beta=95000 FROM 5000 TO 100000
re=95000 FROM 5000 TO 100000


Date: Fri Sep 29 12:16:27 2017
Total elapsed time: 0.343 seconds.

tnom = 27
temp = 27
method = trap
totiter = 10
traniter = 0
tranpoints = 0
accept = 0
rejected = 0
matrix size = 11
fillins = 0
solver = Normal
Matrix Compiler1: 270 Byte object code size
Matrix Compiler2: 711 Byte object code size

