Circuit: * E:\user\christoph\sicher\FH\elektronik\2017\Lektion0 AnalogeSpR LinearR\UeTransistorLT\Tr_S_rbe_rb.asc

Direct Newton iteration for .op point succeeded.

ic: AVG(ic(q2))=0.0093154 FROM 0.9 TO 1
ib: AVG(ib(q2))=3.01176e-005 FROM 0 TO 1
ube: AVG(v(ube2))=0.698824 FROM 0 TO 1
beta: AVG(ic(q3)/ib(q3))=309.454 FROM 0 TO 1
s: AVG(ic(q2)/0.025)=0.372616 FROM 0 TO 1
rbe_ap: AVG(beta/s)=830.489 FROM 0 TO 1
rbe_ui: AVG((v(ube2)-v(ube1))/(ib(q2)-ib(q3)))=1009.35 FROM 0 TO 1
re_ap: AVG(1/s)=2.68373 FROM 0 TO 1
re_ui: AVG((v(ube2)-v(ube1))/(ic(q2)-ic(q3)))=3.4502 FROM 0 TO 1
reap: AVG(1/s)=2.68373 FROM 0 TO 1


Date: Fri Sep 29 12:22:58 2017
Total elapsed time: 0.015 seconds.

tnom = 27
temp = 27
method = modified trap
totiter = 2092
traniter = 2088
tranpoints = 1045
accept = 1045
rejected = 0
matrix size = 12
fillins = 0
solver = Normal
Matrix Compiler1: 766 Byte object code size  1.8/1.8/[1.6]
Matrix Compiler2: off  [1.7]/1.8/1.8


